[index-2.html]
[backblue.gif]
[fade.gif]
[index.html]
[images/style.css]
[images/attachments.css]
[images/mod_jflanguageselection.css]
[images/proofreader.js]
[images/xajax.js]
[images/mootools.js]
[external.html]
[images/caption.js]
[images/jcomments-v2.0.js]
[images/ajax.js]
[images/system.css]
[images/general.css]
[images/template.css]
[images/jquery.js]
[images/script.js]
[o-proekte.html]
[o-vystavke.html]
[personalii.html]
[kontakty.html]
[en.html]
[images/en.gif]
[ru-3.html]
[images/ru.gif]
[index-2.html]
[ru.html]
[ru-2.html]
[images/jc_blog.gif]
[images/jc_busy.gif]
[images/jc_link.gif]
[images/jc_rss.gif]
[images/jc_refresh.gif]
[images/jc_subscribe.gif]
[images/jc_date.gif]
[images/jc_refreshg.gif]
[images/jc_error.gif]
[images/jc_info.gif]
[images/resize.gif]
[images/jc_btnl.gif]
[images/jc_btnr.gif]
[images/jc_dot.gif]
[images/jc_vote.gif]
[images/jc_bbcode.gif]
[images/jc_rb_tl.gif]
[images/jc_rb_tr.gif]
[images/jc_rb_bl.gif]
[images/jc_rb_br.gif]
[images/style.css]
[images/attachments.css]
[images/mod_jflanguageselection.css]
[images/proofreader.js]
[images/xajax.js]
[images/mootools.js]
[images/caption.js]
[images/jcomments-v2.0.js]
[images/ajax.js]
[images/login-bg.gif]
[images/system.css]
[images/j_button2_left.png]
[images/j_button2_image.png]
[images/j_button2_readmore.png]
[images/j_button2_pagebreak.png]
[images/j_button2_blank.png]
[images/selector-arrow.png]
[images/calendar.png]
[images/general.css]
[images/bottom_texture.jpg]
[images/spacer.gif]
[images/nav.png]
[images/menuitem.png]
[images/subitem.png]
[images/header.png]
[images/button.png]
[images/blockcontentbullets.png]
[images/postquote.png]
[images/notice-info.png]
[images/notice-alert.png]
[images/notice-note.png]
[images/template.css]
[images/jquery.js]
[images/script.js]
[default.html]
[images/template-2.css]
[images/jquery-2.js]
[images/script-2.js]
[project.html]
[images/image004.jpg]
[images/image002.jpg]
[images/image006.jpg]
[images/image008.jpg]
[images/image010.jpg]
[images/image012.jpg]
[o-proekte.html]
[exhibition.html]
[images/image006-2.jpg]
[images/image004-2.jpg]
[images/image002-2.jpg]
[o-vystavke.html]
[persons.html]
[16-avanesov-va.html]
[17-ajtakov-n.html]
[18-antipov-nk.html]
[19-antonov-ai.html]
[20-badaev-ae.html]
[21-bazarov-va.html]
[22-balabanova-ai.html]
[23-belenkij-aya.html]
[24-beriya-lp.html]
[25-blyuxer-vk.html]
[26-bogdanov-aa.html]
[27-boyarskij-yao.html]
[28-brodskij-ii.html]
[29-bubnov-as.html]
[30-budennyj-sm.html]
[31-bulla-vk.html]
[32-buxarin-ni.html]
[33-vaneev-aa.html]
[34-voroshilov-ke.html]
[35-vyshinskij-aya.html]
[36-gamarnik-yab.html]
[37-gelovani-mg.html]
[38-goloshhekin-fi.html]
[39-goldshtejn-gp.html]
[40-gorkij-m.html]
[41-gromyko-aa.html]
[42-dzerzhinskij-fe.html]
[43-dimitrov-g.html]
[44-drobnis-yan.html]
[45-evdokimov-ge.html]
[46-egorov-ai.html]
[47-ezhov-ni.html]
[48-enukidze-as.html]
[49-erbanov-mn.html]
[50-zaluczkij-pa.html]
[51-zaporozhecz-pk.html]
[52-zinovev-ge.html]
[53-zorin-ss.html]
[54-ikramov-ai.html]
[55-ioffe-aa.html]
[56-isaev-ps.html]
[57-kaganovich-lm.html]
[58-kalinin-mi.html]
[59-kamenev-lb.html]
[60-kamenev-ss.html]
[61-karaxan-lm.html]
[62-kashen-m.html]
[63-kirov-sm.html]
[64-kluczis-gg.html]
[65-knorin-vg.html]
[66-komarov-np.html]
[67-krzhizhanovskij-gm.html]
[68-krupskaya-nk.html]
[69-kuzneczov-ng.html]
[70-kujbyshev-vv.html]
[71-lavrov-gd.html]
[72-ladyzhnikov-ip.html]
[73-lashevich-mm.html]
[76-litvinov-mm.html]
[77-majskij-im.html]
[78-malenkov-gm.html]
[79-malchenko-al.html]
[80-malyshev-sv.html]
[81-malkov-pd.html]
[82-manuilskij-dz.html]
[83-mao-czzedun.html]
[84-markizov-aa.html]
[85-martov-yuo.html]
[86-mexonoshin-ka.html]
[87-mikoyan-ai.html]
[88-molotov-vm.html]
[89-musabekov-g-m.html]
[90-nappelbaum-ms.html]
[91-ordzhonikidze-gk.html]
[92-peters-yax.html]
[93-petrovskij-gi.html]
[94-peshkov-za.html]
[95-peshkov-ma.html]
[96-pik-v.html]
[97-pilsudskij-yu.html]
[98-pinchuk-vb.html]
[99-popov-b.html]
[100-pyatniczkij-ia.html]
[101-radek-kb.html]
[102-raximbaev-ar.html]
[103-raxya-ea.html]
[104-rivera-d.html]
[105-rodchenko-am.html]
[106-roj-mn.html]
[107-rudzutak-yae.html]
[108-rykov-ai.html]
[109-ryazanov-db.html]
[110-said-galiev-s-g.html]
[111-samojlov-fn.html]
[112-sverdlov-yam.html]
[113-sedov-ll.html]
[114-sedova-ni.html]
[115-serebryakov-lp.html]
[116-serrati-dm.html]
[117-skrypnik-na.html]
[118-smilga-it.html]
[119-smirnov-in.html]
[120-smorodin-pi.html]
[121-spandaryan-ss.html]
[122-stalin-iv.html]
[123-starkov-vv.html]
[124-staronosov-pn.html]
[125-stuchka-pi.html]
[128-tomskij-mp.html]
[129-torez-m.html]
[130-troczkij-ld.html]
[131-trumen-g.html]
[132-tuxachevskij-mn.html]
[134-unshlixt-is.html]
[135-frunze-mv.html]
[136-furmanov-di.html]
[137-xalatov-ab.html]
[138-xaritonov-mm.html]
[139-xodzhaev-fg.html]
[140-xrushhev-ns.html]
[143-chervyakov-ag.html]
[144-cheshkova-es-gelya-markizova.html]
[146-shvernik-nm.html]
[147-shmidt-vv.html]
[148-ettli-k.html]
[personalii.html]
[149-yaroslavskij-em.html]
[images/validate.js]
[kontakty.html]
[contacts.html]
[en.html]
[ru-3.html]
[images/template_eng.css]
[index-3.html]
[selected.html]
[j_button2_right.html]
[rssicon.html]
[index-4.html]
[index-5.html]
[index-6.html]
[index-7.html]
[span.html]
[images/bottom_texture-2.jpg]
[images/spacer-2.gif]
[images/nav-2.png]
[images/menuitem-2.png]
[images/subitem-2.png]
[images/header-2.png]
[images/button-2.png]
[images/blockcontentbullets-2.png]
[images/postquote-2.png]
[images/template-2.css]
[images/jquery-2.js]
[images/script-2.js]
[project.html]
[exhibition.html]
[17-ajtakov-n-2.html]
[18-antipov-nk-2.html]
[19-antonov-ai-2.html]
[20-badaev-ae-2.html]
[21-bazarov-va-2.html]
[22-balabanova-ai-2.html]
[23-belenkij-aya-2.html]
[24-beriya-lp-2.html]
[25-blyuxer-vk-2.html]
[26-bogdanov-aa-2.html]
[27-boyarskij-yao-2.html]
[28-brodskij-ii-2.html]
[29-bubnov-as-2.html]
[30-budennyj-sm-2.html]
[31-bulla-vk-2.html]
[32-buxarin-ni-2.html]
[33-vaneev-aa-2.html]
[34-voroshilov-ke-2.html]
[35-vyshinskij-aya-2.html]
[36-gamarnik-yab-2.html]
[37-gelovani-mg-2.html]
[38-goloshhekin-fi-2.html]
[39-goldshtejn-gp-2.html]
[40-gorkij-m-2.html]
[41-gromyko-aa-2.html]
[42-dzerzhinskij-fe-2.html]
[43-dimitrov-g-2.html]
[44-drobnis-yan-2.html]
[45-evdokimov-ge-2.html]
[46-egorov-ai-2.html]
[47-ezhov-ni-2.html]
[48-enukidze-as-2.html]
[49-erbanov-mn-2.html]
[50-zaluczkij-pa-2.html]
[51-zaporozhecz-pk-2.html]
[52-zinovev-ge-2.html]
[53-zorin-ss-2.html]
[54-ikramov-ai-2.html]
[55-ioffe-aa-2.html]
[56-isaev-ps-2.html]
[57-kaganovich-lm-2.html]
[58-kalinin-mi-2.html]
[59-kamenev-lb-2.html]
[60-kamenev-ss-2.html]
[61-karaxan-lm-2.html]
[62-kashen-m-2.html]
[63-kirov-sm-2.html]
[64-kluczis-gg-2.html]
[65-knorin-vg-2.html]
[66-komarov-np-2.html]
[67-krzhizhanovskij-gm-2.html]
[68-krupskaya-nk-2.html]
[69-kuzneczov-ng-2.html]
[70-kujbyshev-vv-2.html]
[71-lavrov-gd-2.html]
[72-ladyzhnikov-ip-2.html]
[73-lashevich-mm-2.html]
[74-levandovskij-mk-2.html]
[75-lenin-vi-2.html]
[76-litvinov-mm-2.html]
[77-majskij-im-2.html]
[78-malenkov-gm-2.html]
[79-malchenko-al-2.html]
[80-malyshev-sv-2.html]
[81-malkov-pd-2.html]
[82-manuilskij-dz-2.html]
[83-mao-czzedun-2.html]
[84-markizov-aa-2.html]
[85-martov-yuo-2.html]
[86-mexonoshin-ka-2.html]
[87-mikoyan-ai-2.html]
[88-molotov-vm-2.html]
[89-musabekov-g-m-2.html]
[90-nappelbaum-ms-2.html]
[91-ordzhonikidze-gk-2.html]
[92-peters-yax-2.html]
[93-petrovskij-gi-2.html]
[94-peshkov-za-2.html]
[95-peshkov-ma-2.html]
[96-pik-v-2.html]
[97-pilsudskij-yu-2.html]
[98-pinchuk-vb-2.html]
[99-popov-b-2.html]
[100-pyatniczkij-ia-2.html]
[101-radek-kb-2.html]
[102-raximbaev-ar-2.html]
[103-raxya-ea-2.html]
[104-rivera-d-2.html]
[105-rodchenko-am-2.html]
[106-roj-mn-2.html]
[107-rudzutak-yae-2.html]
[108-rykov-ai-2.html]
[109-ryazanov-db-2.html]
[110-said-galiev-s-g-2.html]
[111-samojlov-fn-2.html]
[112-sverdlov-yam-2.html]
[113-sedov-ll-2.html]
[114-sedova-ni-2.html]
[115-serebryakov-lp-2.html]
[116-serrati-dm-2.html]
[117-skrypnik-na-2.html]
[118-smilga-it-2.html]
[119-smirnov-in-2.html]
[120-smorodin-pi-2.html]
[121-spandaryan-ss-2.html]
[122-stalin-iv-2.html]
[123-starkov-vv-2.html]
[124-staronosov-pn-2.html]
[125-stuchka-pi-2.html]
[128-tomskij-mp-2.html]
[129-torez-m-2.html]
[130-troczkij-ld-2.html]
[131-trumen-g-2.html]
[132-tuxachevskij-mn-2.html]
[134-unshlixt-is-2.html]
[135-frunze-mv-2.html]
[136-furmanov-di-2.html]
[137-xalatov-ab-2.html]
[138-xaritonov-mm-2.html]
[139-xodzhaev-fg-2.html]
[140-xrushhev-ns-2.html]
[143-chervyakov-ag-2.html]
[144-cheshkova-es-gelya-markizova-2.html]
[146-shvernik-nm-2.html]
[147-shmidt-vv-2.html]
[148-ettli-k-2.html]
[persons.html]
[149-yaroslavskij-em-2.html]
[images/avanesov.jpg]
[16-avanesov-va.html]
[images/aytakov.jpg]
[17-ajtakov-n.html]
[images/antipov_n_k.jpg]
[18-antipov-nk.html]
[images/a_i_antonov_02.jpg]
[19-antonov-ai.html]
[images/0205794204.jpg]
[20-badaev-ae.html]
[images/192.jpg]
[21-bazarov-va.html]
[images/454px-angelika_balabanova.jpg]
[22-balabanova-ai.html]
[images/abram_belenky.jpg]
[23-belenkij-aya.html]
[images/2829-1222937828_beria.jpg]
[24-beriya-lp.html]
[images/_25d0_2592_25d0_25b0_25d1_2581_25d0_25b8_25d0_25bb_25d0_25b8_25d0_25b9__25d0_2591_25d0_25bb_25d1_258e_25d1_2585_25d0_25b5_25d1_2580.jpg]
[25-blyuxer-vk.html]
[images/a_a_bogdanov.jpg]
[26-bogdanov-aa.html]
[27-boyarskij-yao.html]
[images/1.jpg]
[28-brodskij-ii.html]
[images/bubnov_andrei.jpg]
[29-bubnov-as.html]
[images/semyon_budyonny.jpg]
[30-budennyj-sm.html]
[31-bulla-vk.html]
[32-buxarin-ni.html]
[33-vaneev-aa.html]
[images/1238673278_voroshilov.jpg]
[34-voroshilov-ke.html]
[35-vyshinskij-aya.html]
[images/gamarnyk.jpg]
[36-gamarnik-yab.html]
[images/gelovani.jpg]
[37-gelovani-mg.html]
[38-goloshhekin-fi.html]
[39-goldshtejn-gp.html]
[40-gorkij-m.html]
[41-gromyko-aa.html]
[images/felix_dzerzhinsky_1919.jpg]
[42-dzerzhinskij-fe.html]
[43-dimitrov-g.html]
[44-drobnis-yan.html]
[images/yevdokimov_grigory.jpg]
[45-evdokimov-ge.html]
[images/_25d0_2590_25d0_25bb_25d0_25b5_25d0_25ba_25d1_2581_25d0_25b0_25d0_25bd_25d0_25b4_25d1_2580__25d0_2595_25d0_25b3_25d0_25be_25d1_2580_25d0_25be_25d0_25b2.jpg]
[46-egorov-ai.html]
[47-ezhov-ni.html]
[images/enukidze.gif]
[48-enukidze-as.html]
[images/erbanov.jpg]
[49-erbanov-mn.html]
[images/petr_zalutskiy.jpg]
[50-zaluczkij-pa.html]
[51-zaporozhecz-pk.html]
[images/251.bmp]
[52-zinovev-ge.html]
[53-zorin-ss.html]
[images/ikramov_ai.jpg]
[54-ikramov-ai.html]
[55-ioffe-aa.html]
[56-isaev-ps.html]
[images/lazar_kaganovich.jpg]
[57-kaganovich-lm.html]
[58-kalinin-mi.html]
[images/12landau2.jpg]
[59-kamenev-lb.html]
[images/s_s_kamenev_02.gif]
[60-kamenev-ss.html]
[61-karaxan-lm.html]
[62-kashen-m.html]
[63-kirov-sm.html]
[images/klucis_foto.jpg]
[64-kluczis-gg.html]
[images/vilhelms_vilis_knori_25c5_2586_25c5_25a1.jpg]
[65-knorin-vg.html]
[images/nikolay_pavlovich_komarov.jpg]
[66-komarov-np.html]
[images/gleb_maksimilianovich_krzhizhanovskiy.jpg]
[67-krzhizhanovskij-gm.html]
[images/krupskayaphoto.png]
[68-krupskaya-nk.html]
[images/ngkuznetsov.jpg]
[69-kuzneczov-ng.html]
[images/451px-valerian_kuybyshev.jpg]
[70-kujbyshev-vv.html]
[71-lavrov-gd.html]
[72-ladyzhnikov-ip.html]
[73-lashevich-mm.html]
[76-litvinov-mm.html]
[77-majskij-im.html]
[78-malenkov-gm.html]
[79-malchenko-al.html]
[80-malyshev-sv.html]
[81-malkov-pd.html]
[82-manuilskij-dz.html]
[83-mao-czzedun.html]
[75-lenin-vi.html]
[74-levandovskij-mk.html]
[84-markizov-aa.html]
[85-martov-yuo.html]
[86-mexonoshin-ka.html]
[87-mikoyan-ai.html]
[88-molotov-vm.html]
[89-musabekov-g-m.html]
[90-nappelbaum-ms.html]
[91-ordzhonikidze-gk.html]
[92-peters-yax.html]
[93-petrovskij-gi.html]
[94-peshkov-za.html]
[95-peshkov-ma.html]
[96-pik-v.html]
[97-pilsudskij-yu.html]
[98-pinchuk-vb.html]
[99-popov-b.html]
[100-pyatniczkij-ia.html]
[101-radek-kb.html]
[102-raximbaev-ar.html]
[images/einorahja.jpg]
[103-raxya-ea.html]
[104-rivera-d.html]
[105-rodchenko-am.html]
[106-roj-mn.html]
[107-rudzutak-yae.html]
[108-rykov-ai.html]
[109-ryazanov-db.html]
[110-said-galiev-s-g.html]
[111-samojlov-fn.html]
[112-sverdlov-yam.html]
[113-sedov-ll.html]
[114-sedova-ni.html]
[115-serebryakov-lp.html]
[116-serrati-dm.html]
[117-skrypnik-na.html]
[118-smilga-it.html]
[119-smirnov-in.html]
[120-smorodin-pi.html]
[121-spandaryan-ss.html]
[images/croppedstalin1943.jpg]
[122-stalin-iv.html]
[123-starkov-vv.html]
[124-staronosov-pn.html]
[125-stuchka-pi.html]
[128-tomskij-mp.html]
[images/thorez.jpg]
[129-torez-m.html]
[130-troczkij-ld.html]
[131-trumen-g.html]
[132-tuxachevskij-mn.html]
[134-unshlixt-is.html]
[135-frunze-mv.html]
[136-furmanov-di.html]
[137-xalatov-ab.html]
[138-xaritonov-mm.html]
[images/fayzullo_ubaydulloyevich_xojayev.jpg]
[139-xodzhaev-fg.html]
[140-xrushhev-ns.html]
[143-chervyakov-ag.html]
[144-cheshkova-es-gelya-markizova.html]
[146-shvernik-nm.html]
[images/shmidt_v_v.jpg]
[147-shmidt-vv.html]
[148-ettli-k.html]
[149-yaroslavskij-em.html]
[images/validate.js]
[js@sensor=false.html]
[contacts.html]
[en-2.html]
[en-3.html]
[images/bottom_texture_eng.jpg]
[images/template_eng.css]
[rssicon-2.html]
[index-8.html]
[index-9.html]
[index-10.html]
[index-11.html]
[span-2.html]
[17-ajtakov-n-2.html]
[18-antipov-nk-2.html]
[19-antonov-ai-2.html]
[20-badaev-ae-2.html]
[21-bazarov-va-2.html]
[22-balabanova-ai-2.html]
[23-belenkij-aya-2.html]
[24-beriya-lp-2.html]
[25-blyuxer-vk-2.html]
[26-bogdanov-aa-2.html]
[27-boyarskij-yao-2.html]
[28-brodskij-ii-2.html]
[29-bubnov-as-2.html]
[30-budennyj-sm-2.html]
[31-bulla-vk-2.html]
[32-buxarin-ni-2.html]
[33-vaneev-aa-2.html]
[34-voroshilov-ke-2.html]
[35-vyshinskij-aya-2.html]
[36-gamarnik-yab-2.html]
[37-gelovani-mg-2.html]
[38-goloshhekin-fi-2.html]
[39-goldshtejn-gp-2.html]
[40-gorkij-m-2.html]
[41-gromyko-aa-2.html]
[42-dzerzhinskij-fe-2.html]
[43-dimitrov-g-2.html]
[44-drobnis-yan-2.html]
[45-evdokimov-ge-2.html]
[46-egorov-ai-2.html]
[47-ezhov-ni-2.html]
[48-enukidze-as-2.html]
[49-erbanov-mn-2.html]
[50-zaluczkij-pa-2.html]
[51-zaporozhecz-pk-2.html]
[52-zinovev-ge-2.html]
[53-zorin-ss-2.html]
[54-ikramov-ai-2.html]
[55-ioffe-aa-2.html]
[56-isaev-ps-2.html]
[57-kaganovich-lm-2.html]
[58-kalinin-mi-2.html]
[59-kamenev-lb-2.html]
[60-kamenev-ss-2.html]
[61-karaxan-lm-2.html]
[62-kashen-m-2.html]
[63-kirov-sm-2.html]
[64-kluczis-gg-2.html]
[65-knorin-vg-2.html]
[66-komarov-np-2.html]
[67-krzhizhanovskij-gm-2.html]
[68-krupskaya-nk-2.html]
[69-kuzneczov-ng-2.html]
[70-kujbyshev-vv-2.html]
[71-lavrov-gd-2.html]
[72-ladyzhnikov-ip-2.html]
[73-lashevich-mm-2.html]
[74-levandovskij-mk-2.html]
[75-lenin-vi-2.html]
[76-litvinov-mm-2.html]
[77-majskij-im-2.html]
[78-malenkov-gm-2.html]
[79-malchenko-al-2.html]
[80-malyshev-sv-2.html]
[81-malkov-pd-2.html]
[82-manuilskij-dz-2.html]
[83-mao-czzedun-2.html]
[84-markizov-aa-2.html]
[85-martov-yuo-2.html]
[86-mexonoshin-ka-2.html]
[87-mikoyan-ai-2.html]
[88-molotov-vm-2.html]
[89-musabekov-g-m-2.html]
[90-nappelbaum-ms-2.html]
[91-ordzhonikidze-gk-2.html]
[92-peters-yax-2.html]
[93-petrovskij-gi-2.html]
[94-peshkov-za-2.html]
[95-peshkov-ma-2.html]
[96-pik-v-2.html]
[97-pilsudskij-yu-2.html]
[98-pinchuk-vb-2.html]
[99-popov-b-2.html]
[100-pyatniczkij-ia-2.html]
[101-radek-kb-2.html]
[102-raximbaev-ar-2.html]
[103-raxya-ea-2.html]
[104-rivera-d-2.html]
[105-rodchenko-am-2.html]
[106-roj-mn-2.html]
[107-rudzutak-yae-2.html]
[108-rykov-ai-2.html]
[109-ryazanov-db-2.html]
[110-said-galiev-s-g-2.html]
[111-samojlov-fn-2.html]
[112-sverdlov-yam-2.html]
[113-sedov-ll-2.html]
[114-sedova-ni-2.html]
[115-serebryakov-lp-2.html]
[116-serrati-dm-2.html]
[117-skrypnik-na-2.html]
[118-smilga-it-2.html]
[119-smirnov-in-2.html]
[120-smorodin-pi-2.html]
[121-spandaryan-ss-2.html]
[122-stalin-iv-2.html]
[123-starkov-vv-2.html]
[124-staronosov-pn-2.html]
[125-stuchka-pi-2.html]
[128-tomskij-mp-2.html]
[129-torez-m-2.html]
[130-troczkij-ld-2.html]
[131-trumen-g-2.html]
[132-tuxachevskij-mn-2.html]
[134-unshlixt-is-2.html]
[135-frunze-mv-2.html]
[136-furmanov-di-2.html]
[137-xalatov-ab-2.html]
[138-xaritonov-mm-2.html]
[139-xodzhaev-fg-2.html]
[140-xrushhev-ns-2.html]
[143-chervyakov-ag-2.html]
[144-cheshkova-es-gelya-markizova-2.html]
[146-shvernik-nm-2.html]
[147-shmidt-vv-2.html]
[148-ettli-k-2.html]
[149-yaroslavskij-em-2.html]
[_25d0_2595_25d0_25b6_25d0_25be_25d0_25b2__25d0_259d_25d0_25b8_25d0_25ba_25d0_25be_25d0_25bb_25d0_25b086dc3375a.html]
[_25d0_259a_25d0_25b0_25d0_25bb_25d0_25b8_25d0_25bd_25d0_25b8_25d0_25bd__25d0_259c.__25d0_2598.html]
[74-levandovskij-mk.html]
[75-lenin-vi.html]
[_25cc_25e0_25f0_25ea_25e8_25e7_25ee_25e2_252c__25c0_25f0_25e4_25e0_25ed__25c0_25ed_25e3_25e0_25e4_25fb_25ea_25ee_25e2_25e8_25f7.html]
[_25cc_25e5_25f5_25ee_25ed_25ee_25f8_25e8_25ed,__25ca_25ee_25ed_25f1_25f2_25e0_25ed_25f2_25e8_25ed__25c0_25eb_25e5_25ea_25f1_25e0_25ed_25e4_25f0_25ee_25e2_25e8_25f7.html]
[_25d0_25a0_25d1_258f_25d0_25b7_25d0_25b0_25d0_25bd_25d0_25be_25d0_25b2,__25d0_2594_25d0_25b0_25d0_2507ead46786.html]
[' + src + '.html]
[16-avanesov-va-2.html]
[images/template_eng-2.css]
[images/bottom_texture_eng-2.jpg]
[images/template_eng-2.css]
[16-avanesov-va-2.html]
